// Jest Snapshot v1, https://goo.gl/fbAQLP

exports[`ForecastDetails renders correctly 1`] = `
<DocumentFragment>
  <div
    class="forecast-details"
    data-testid="forecast-summary"
  >
    <div
      class="forecast-details"
    >
      Thu Jan 01 1970
    </div>
    <div
      class="forecast-details__temperature"
    >
      Max Temperature: 22 °C
    </div>
    <div
      class="forecast-details__temperature"
    >
      Min Temperature: 12 °C
    </div>
    <div
      class="forecast-details__wind"
    >
      Wind Speed: mph
    </div>
    <div
      class="forecast-details__humidity"
    >
      Humidity: Stub humidity%
    </div>
  </div>
</DocumentFragment>
`;
